RAM Allocation
Variable                                                          Address   Size
--------------------------------------------------------------------------------
Keys                                                              0260h       16
x                                                                 0270h        1
y                                                                 0271h        1
_base_y                                                           0272h        4
p                                                                 0276h        2

EEPROM Allocation
Variable                                                          Address   Size
--------------------------------------------------------------------------------

Register Allocation
Variable                                                          Register  Size
--------------------------------------------------------------------------------
_lcd_x                                                            R5           1
_lcd_y                                                            R4           1
_lcd_maxx                                                         R7           1
